The EAS build profile does not specify a Node.js version. Using the version specified in .nvmrc: 20.9.0 
EAS project not configured.
Input is required, but stdin is not readable. Failed to display prompt: Existing EAS project found for @mpt_community/mpt-warrior (id = 01cbff08-a5b5-4e32-b7d6-11eebe07c986). Configure this project?
node.exe :     Error: build command failed.
At C:\Users\deden\AppData\Roaming\npm\eas.ps1:22 char:14
+ ...    $input | & "node$exe"  "$basedir/node_modules/eas-cli/bin/run" $ar ...
+                 ~~~~~~~~~~~~~~~~~~~~~~~~~~~~~~~~~~~~~~~~~~~~~~~~~~~~~~~~~
    + CategoryInfo          : NotSpecified: (    Error: build command failed.:String) [], RemoteExc 
   eption
    + FullyQualifiedErrorId : NativeCommandError
 
